// Jest Snapshot v1, https://goo.gl/fbAQLP

exports[`<Wrapper/> matches snapshot 1`] = `
.c0 {
  position: relative;
  display: inline-block;
  margin: 20px;
}

.c0:before {
  display: none;
  position: absolute;
  content: " ⚲ ";
  -webkit-transform: scale(0.5);
  -ms-transform: scale(0.5);
  transform: scale(0.5);
  top: 4px;
  left: 2px;
  height: 10px;
  width: 24px;
  margin-right: 5px;
  -webkit-transform: rotate(-45deg);
  -ms-transform: rotate(-45deg);
  transform: rotate(-45deg);
}

.c0:after {
  content: "▼";
  display: block;
  position: absolute;
  top: 11px;
  right: 45px;
}

<div
  className="c0"
  id="wrapper-div"
/>
`;
